// Jest Snapshot v1, https://goo.gl/fbAQLP

exports[`src | components | share | CopyToClipboardButton snapshot should match snapshot 1`] = `
ShallowWrapper {
  Symbol(enzyme.__root__): [Circular],
  Symbol(enzyme.__unrendered__): <CopyToClipboardButton
    className=""
    onClick={[MockFunction]}
    value="Fake Value"
  />,
  Symbol(enzyme.__renderer__): Object {
    "batchedUpdates": [Function],
    "getNode": [Function],
    "render": [Function],
    "simulateError": [Function],
    "simulateEvent": [Function],
    "unmount": [Function],
  },
  Symbol(enzyme.__node__): Object {
    "instance": null,
    "key": undefined,
    "nodeType": "class",
    "props": Object {
      "children": <button
        className="no-border no-background no-outline is-block "
        type="button"
      >
        <span>
          Copier le lien
        </span>
      </button>,
      "onCopy": [Function],
      "options": undefined,
      "text": "Fake Value",
    },
    "ref": null,
    "rendered": Object {
      "instance": null,
      "key": undefined,
      "nodeType": "host",
      "props": Object {
        "children": Array [
          <span>
            Copier le lien
          </span>,
          false,
        ],
        "className": "no-border no-background no-outline is-block ",
        "type": "button",
      },
      "ref": null,
      "rendered": Array [
        Object {
          "instance": null,
          "key": undefined,
          "nodeType": "host",
          "props": Object {
            "children": "Copier le lien",
          },
          "ref": null,
          "rendered": "Copier le lien",
          "type": "span",
        },
        false,
      ],
      "type": "button",
    },
    "type": [Function],
  },
  Symbol(enzyme.__nodes__): Array [
    Object {
      "instance": null,
      "key": undefined,
      "nodeType": "class",
      "props": Object {
        "children": <button
          className="no-border no-background no-outline is-block "
          type="button"
        >
          <span>
            Copier le lien
          </span>
        </button>,
        "onCopy": [Function],
        "options": undefined,
        "text": "Fake Value",
      },
      "ref": null,
      "rendered": Object {
        "instance": null,
        "key": undefined,
        "nodeType": "host",
        "props": Object {
          "children": Array [
            <span>
              Copier le lien
            </span>,
            false,
          ],
          "className": "no-border no-background no-outline is-block ",
          "type": "button",
        },
        "ref": null,
        "rendered": Array [
          Object {
            "instance": null,
            "key": undefined,
            "nodeType": "host",
            "props": Object {
              "children": "Copier le lien",
            },
            "ref": null,
            "rendered": "Copier le lien",
            "type": "span",
          },
          false,
        ],
        "type": "button",
      },
      "type": [Function],
    },
  ],
  Symbol(enzyme.__options__): Object {
    "adapter": ReactSixteenAdapter {
      "options": Object {
        "enableComponentDidUpdateOnSetState": true,
        "lifecycles": Object {
          "componentDidUpdate": Object {
            "onSetState": true,
          },
          "getDerivedStateFromProps": true,
          "getSnapshotBeforeUpdate": true,
          "setState": Object {
            "skipsComponentDidUpdateOnNullish": true,
          },
        },
      },
    },
  },
}
`;
