// Jest Snapshot v1, https://goo.gl/fbAQLP

exports[`src | components | pages | search | NavResultsHeader snapshot should match snapshot 1`] = `
ShallowWrapper {
  Symbol(enzyme.__root__): [Circular],
  Symbol(enzyme.__unrendered__): <NavResultsHeader
    category="Applaudir"
    description="Voulez-vous suivre un géant de 12 mètres dans la ville ? Rire devant un seul-en-scène ? Rêver le temps d’un opéra ou d’un spectacle de danse, assister à une pièce de théâtre, ou vous laisser conter une histoire ?"
    sublabel="Applaudir"
  />,
  Symbol(enzyme.__renderer__): Object {
    "batchedUpdates": [Function],
    "getNode": [Function],
    "render": [Function],
    "simulateError": [Function],
    "simulateEvent": [Function],
    "unmount": [Function],
  },
  Symbol(enzyme.__node__): Object {
    "instance": null,
    "key": undefined,
    "nodeType": "host",
    "props": Object {
      "children": <div
        className="text-left is-white-text is-absolute"
        id="category-description"
      >
        <h2
          className="is-bold mb3"
        >
          Applaudir
        </h2>
        <span
          className="fs13 is-medium"
        >
          Voulez-vous suivre un géant de 12 mètres dans la ville ? Rire devant un seul-en-scène ? Rêver le temps d’un opéra ou d’un spectacle de danse, assister à une pièce de théâtre, ou vous laisser conter une histoire ?
        </span>
      </div>,
      "className": "p12 is-relative",
      "id": "nav-results-header",
      "style": Object {
        "backgroundImage": "url(http://localhost/icons/img-Applaudir-L.jpg)",
      },
      "title": "Liste des offres de type Applaudir",
    },
    "ref": null,
    "rendered": Object {
      "instance": null,
      "key": undefined,
      "nodeType": "host",
      "props": Object {
        "children": Array [
          <h2
            className="is-bold mb3"
          >
            Applaudir
          </h2>,
          <span
            className="fs13 is-medium"
          >
            Voulez-vous suivre un géant de 12 mètres dans la ville ? Rire devant un seul-en-scène ? Rêver le temps d’un opéra ou d’un spectacle de danse, assister à une pièce de théâtre, ou vous laisser conter une histoire ?
          </span>,
        ],
        "className": "text-left is-white-text is-absolute",
        "id": "category-description",
      },
      "ref": null,
      "rendered": Array [
        Object {
          "instance": null,
          "key": undefined,
          "nodeType": "host",
          "props": Object {
            "children": "Applaudir",
            "className": "is-bold mb3",
          },
          "ref": null,
          "rendered": "Applaudir",
          "type": "h2",
        },
        Object {
          "instance": null,
          "key": undefined,
          "nodeType": "host",
          "props": Object {
            "children": "Voulez-vous suivre un géant de 12 mètres dans la ville ? Rire devant un seul-en-scène ? Rêver le temps d’un opéra ou d’un spectacle de danse, assister à une pièce de théâtre, ou vous laisser conter une histoire ?",
            "className": "fs13 is-medium",
          },
          "ref": null,
          "rendered": "Voulez-vous suivre un géant de 12 mètres dans la ville ? Rire devant un seul-en-scène ? Rêver le temps d’un opéra ou d’un spectacle de danse, assister à une pièce de théâtre, ou vous laisser conter une histoire ?",
          "type": "span",
        },
      ],
      "type": "div",
    },
    "type": "div",
  },
  Symbol(enzyme.__nodes__): Array [
    Object {
      "instance": null,
      "key": undefined,
      "nodeType": "host",
      "props": Object {
        "children": <div
          className="text-left is-white-text is-absolute"
          id="category-description"
        >
          <h2
            className="is-bold mb3"
          >
            Applaudir
          </h2>
          <span
            className="fs13 is-medium"
          >
            Voulez-vous suivre un géant de 12 mètres dans la ville ? Rire devant un seul-en-scène ? Rêver le temps d’un opéra ou d’un spectacle de danse, assister à une pièce de théâtre, ou vous laisser conter une histoire ?
          </span>
        </div>,
        "className": "p12 is-relative",
        "id": "nav-results-header",
        "style": Object {
          "backgroundImage": "url(http://localhost/icons/img-Applaudir-L.jpg)",
        },
        "title": "Liste des offres de type Applaudir",
      },
      "ref": null,
      "rendered": Object {
        "instance": null,
        "key": undefined,
        "nodeType": "host",
        "props": Object {
          "children": Array [
            <h2
              className="is-bold mb3"
            >
              Applaudir
            </h2>,
            <span
              className="fs13 is-medium"
            >
              Voulez-vous suivre un géant de 12 mètres dans la ville ? Rire devant un seul-en-scène ? Rêver le temps d’un opéra ou d’un spectacle de danse, assister à une pièce de théâtre, ou vous laisser conter une histoire ?
            </span>,
          ],
          "className": "text-left is-white-text is-absolute",
          "id": "category-description",
        },
        "ref": null,
        "rendered": Array [
          Object {
            "instance": null,
            "key": undefined,
            "nodeType": "host",
            "props": Object {
              "children": "Applaudir",
              "className": "is-bold mb3",
            },
            "ref": null,
            "rendered": "Applaudir",
            "type": "h2",
          },
          Object {
            "instance": null,
            "key": undefined,
            "nodeType": "host",
            "props": Object {
              "children": "Voulez-vous suivre un géant de 12 mètres dans la ville ? Rire devant un seul-en-scène ? Rêver le temps d’un opéra ou d’un spectacle de danse, assister à une pièce de théâtre, ou vous laisser conter une histoire ?",
              "className": "fs13 is-medium",
            },
            "ref": null,
            "rendered": "Voulez-vous suivre un géant de 12 mètres dans la ville ? Rire devant un seul-en-scène ? Rêver le temps d’un opéra ou d’un spectacle de danse, assister à une pièce de théâtre, ou vous laisser conter une histoire ?",
            "type": "span",
          },
        ],
        "type": "div",
      },
      "type": "div",
    },
  ],
  Symbol(enzyme.__options__): Object {
    "adapter": ReactSixteenAdapter {
      "options": Object {
        "enableComponentDidUpdateOnSetState": true,
        "lifecycles": Object {
          "componentDidUpdate": Object {
            "onSetState": true,
          },
          "getDerivedStateFromProps": true,
          "getSnapshotBeforeUpdate": true,
          "setState": Object {
            "skipsComponentDidUpdateOnNullish": true,
          },
        },
      },
    },
  },
}
`;
