// Jest Snapshot v1, https://goo.gl/fbAQLP

exports[`src | components | pages | SearchResults snapshot should match snapshot 1`] = `
ShallowWrapper {
  Symbol(enzyme.__root__): [Circular],
  Symbol(enzyme.__unrendered__): <SearchResults
    items={Array []}
    keywords=""
    loadMoreHandler={[MockFunction]}
    pagination={
      Object {
        "windowQuery": Object {
          "categories": null,
          "date": "2018-09-28T12:52:52.341Z",
          "distance": "50",
          "jours": "0-1",
          "latitude": "48.8637546",
          "longitude": "2.337428",
          "mots-cles": "fake query",
          "orderBy": "offer.id+desc",
        },
      }
    }
    withNavigation={false}
  />,
  Symbol(enzyme.__renderer__): Object {
    "batchedUpdates": [Function],
    "getNode": [Function],
    "render": [Function],
    "simulateError": [Function],
    "simulateEvent": [Function],
    "unmount": [Function],
  },
  Symbol(enzyme.__node__): Object {
    "instance": null,
    "key": undefined,
    "nodeType": "host",
    "props": Object {
      "children": Array [
        <h2
          className="fs15 is-uppercase is-italic is-semi-bold mb12"
          id="results-title"
        >
          
        </h2>,
        <InfiniteScroller
          Tag="ul"
          handleLoadMore={[MockFunction]}
          loadScrollRatio={0.9}
          renderErrors={[Function]}
          renderFinished={[Function]}
          renderLoading={[Function]}
          scrollingElement={
            <html>
              <head />
              <body
                class=" web"
              />
            </html>
          }
        />,
      ],
      "className": "search-results",
    },
    "ref": null,
    "rendered": Array [
      Object {
        "instance": null,
        "key": undefined,
        "nodeType": "host",
        "props": Object {
          "children": "",
          "className": "fs15 is-uppercase is-italic is-semi-bold mb12",
          "id": "results-title",
        },
        "ref": null,
        "rendered": "",
        "type": "h2",
      },
      Object {
        "instance": null,
        "key": undefined,
        "nodeType": "class",
        "props": Object {
          "Tag": "ul",
          "children": Array [],
          "handleLoadMore": [MockFunction],
          "loadScrollRatio": 0.9,
          "renderErrors": [Function],
          "renderFinished": [Function],
          "renderLoading": [Function],
          "scrollingElement": <html>
            <head />
            <body
              class=" web"
            />
          </html>,
        },
        "ref": null,
        "rendered": Array [],
        "type": [Function],
      },
    ],
    "type": "div",
  },
  Symbol(enzyme.__nodes__): Array [
    Object {
      "instance": null,
      "key": undefined,
      "nodeType": "host",
      "props": Object {
        "children": Array [
          <h2
            className="fs15 is-uppercase is-italic is-semi-bold mb12"
            id="results-title"
          >
            
          </h2>,
          <InfiniteScroller
            Tag="ul"
            handleLoadMore={[MockFunction]}
            loadScrollRatio={0.9}
            renderErrors={[Function]}
            renderFinished={[Function]}
            renderLoading={[Function]}
            scrollingElement={
              <html>
                <head />
                <body
                  class=" web"
                />
              </html>
            }
          />,
        ],
        "className": "search-results",
      },
      "ref": null,
      "rendered": Array [
        Object {
          "instance": null,
          "key": undefined,
          "nodeType": "host",
          "props": Object {
            "children": "",
            "className": "fs15 is-uppercase is-italic is-semi-bold mb12",
            "id": "results-title",
          },
          "ref": null,
          "rendered": "",
          "type": "h2",
        },
        Object {
          "instance": null,
          "key": undefined,
          "nodeType": "class",
          "props": Object {
            "Tag": "ul",
            "children": Array [],
            "handleLoadMore": [MockFunction],
            "loadScrollRatio": 0.9,
            "renderErrors": [Function],
            "renderFinished": [Function],
            "renderLoading": [Function],
            "scrollingElement": <html>
              <head />
              <body
                class=" web"
              />
            </html>,
          },
          "ref": null,
          "rendered": Array [],
          "type": [Function],
        },
      ],
      "type": "div",
    },
  ],
  Symbol(enzyme.__options__): Object {
    "adapter": ReactSixteenAdapter {
      "options": Object {
        "enableComponentDidUpdateOnSetState": true,
        "lifecycles": Object {
          "componentDidUpdate": Object {
            "onSetState": true,
          },
          "getDerivedStateFromProps": true,
          "getSnapshotBeforeUpdate": true,
          "setState": Object {
            "skipsComponentDidUpdateOnNullish": true,
          },
        },
      },
    },
  },
}
`;
